com/twocity/swipeablelistview/R.class
com/twocity/swipeablelistview/R$style.class
com/twocity/swipeablelistview/R$drawable.class
com/twocity/swipeablelistview/Utils.class
com/twocity/swipeablelistview/SwipeHelper$1.class
com/twocity/swipeablelistview/SwipeableListView.class
com/twocity/swipeablelistview/SwipeableAdapter.class
com/twocity/swipeablelistview/R$dimen.class
com/twocity/swipeablelistview/BuildConfig.class
com/twocity/swipeablelistview/R$attr.class
com/twocity/swipeablelistview/R$string.class
com/twocity/swipeablelistview/SwipeHelper$3.class
com/twocity/swipeablelistview/SwipeLayout.class
com/twocity/swipeablelistview/SwipeHelper$2.class
com/twocity/swipeablelistview/SwipeHelper.class
com/twocity/swipeablelistview/SwipeableAdapter$1.class
com/twocity/swipeablelistview/LogUtils.class
com/twocity/swipeablelistview/R$integer.class
com/twocity/swipeablelistview/SwipeHelper$4.class
com/twocity/swipeablelistview/SwipeableListView$OnItemSwipeListener.class
com/twocity/swipeablelistview/SwipeableListView$OnSwipeItemClickListener.class
com/twocity/swipeablelistview/SwipeHelper$Callback.class
com/twocity/swipeablelistview/LogTag.class
