/Users/twocity/Documents/android/github/mavens/swipeablelistview2/target/generated-sources/r/com/twocity/swipeablelistview/R.java
/Users/twocity/Documents/android/github/mavens/swipeablelistview2/src/main/java/com/twocity/swipeablelistview/LogUtils.java
/Users/twocity/Documents/android/github/mavens/swipeablelistview2/src/main/java/com/twocity/swipeablelistview/Utils.java
/Users/twocity/Documents/android/github/mavens/swipeablelistview2/src/main/java/com/twocity/swipeablelistview/SwipeableListView.java
/Users/twocity/Documents/android/github/mavens/swipeablelistview2/src/main/java/com/twocity/swipeablelistview/SwipeHelper.java
/Users/twocity/Documents/android/github/mavens/swipeablelistview2/src/main/java/com/twocity/swipeablelistview/SwipeableAdapter.java
/Users/twocity/Documents/android/github/mavens/swipeablelistview2/src/main/java/com/twocity/swipeablelistview/LogTag.java
/Users/twocity/Documents/android/github/mavens/swipeablelistview2/target/generated-sources/r/com/twocity/swipeablelistview/BuildConfig.java
/Users/twocity/Documents/android/github/mavens/swipeablelistview2/src/main/java/com/twocity/swipeablelistview/SwipeLayout.java
